<html>
<body>
<pre>
<h1>µVision Build Log</h1>
<h2>Tool Versions:</h2>
IDE-Version: ¦ÌVision V5.24.2.0
Copyright (C) 2017 ARM Ltd and ARM Germany GmbH. All rights reserved.
License Information: Yinuo Sun, JLU, LIC=----
 
Tool Versions:
Toolchain:       MDK-Lite  Version: 5.24.1
Toolchain Path:  Z:\biaozhun\Keil_v5\ARM\ARMCC\Bin
C Compiler:      Armcc.exe V5.06 update 5 (build 528)
Assembler:       Armasm.exe V5.06 update 5 (build 528)
Linker/Locator:  ArmLink.exe V5.06 update 5 (build 528)
Library Manager: ArmAr.exe V5.06 update 5 (build 528)
Hex Converter:   FromElf.exe V5.06 update 5 (build 528)
CPU DLL:         SARMCM3.DLL V5.24.1
Dialog DLL:      DCM.DLL V1.16.0.0
Target DLL:      UL2CM3.DLL V1.160.3.0
Dialog DLL:      TCM.DLL V1.32.0.0
 
<h2>Project:</h2>
Y:\Study\Final_Design\Circuit\Template_Test\Project\Template.uvprojx
Project File Date:  05/19/2020

<h2>Output:</h2>
*** Using Compiler 'V5.06 update 5 (build 528)', folder: 'Z:\biaozhun\Keil_v5\ARM\ARMCC\Bin'
Build target 'Template'
compiling vibration_receive.c...
vibration_receive.h(28): warning:  #550-D: parameter "RecData"  was set but never used
  void USART_RecByte( USART_TypeDef * pUSARTx, uint16_t RecData)
vibration_receive.h(62): warning:  #223-D: function "printf" declared implicitly
  printf("%s\n",str);
vibration_receive.h(126): warning:  #1-D: last line of file ends without a newline
   #endif
vibration_receive.c(123): warning:  #550-D: variable "FlagStatus"  was set but never used
  		uint16_t  FlagStatus;
vibration_receive.c: 4 warnings, 0 errors
linking...
Program Size: Code=2272 RO-data=336 RW-data=24 ZI-data=1024  
FromELF: creating hex file...
"..\Output\Template.axf" - 0 Error(s), 4 Warning(s).

<h2>Software Packages used:</h2>

Package Vendor: Keil
                http://www.keil.com/pack/Keil.STM32F1xx_DFP.2.3.0.pack
                Keil.STM32F1xx_DFP.2.3.0
                STMicroelectronics STM32F1 Series Device Support, Drivers and Examples

<h2>Collection of Component include folders:</h2>
  .\RTE\_Template
  Z:\anzhuang\Keil_v5ARMPACK\Keil\STM32F1xx_DFP\2.3.0\Device\Include

<h2>Collection of Component Files used:</h2>
Build Time Elapsed:  00:00:01
</pre>
</body>
</html>
